INFO test started
ERROR login failed
INFO retry started
ERROR timeout
